** Drc report for bv_PCB.kicad_pcb **
** Created on 2026-07-22T03:28:51 **
** Report includes: Warnings, Exclusions **

** Found 20 DRC violations **
[holes_co_located]: Drilled holes co-located
    Local override; warning
    @(86.9950 mm, 174.3075 mm): Via [/Row 5] on F.Cu - B.Cu
    @(86.9950 mm, 174.3075 mm): Via [/Row 5] on F.Cu - B.Cu
[lib_footprint_mismatch]: Footprint 'XIAO-Generic-Hybrid-14P-2.54-21X17.8MM' does not match copy in library 'footprints'
    Local override; warning
    @(100.8012 mm, 177.0062 mm): Footprint U1
[lib_footprint_mismatch]: Footprint 'PinHeader_1x03_P2.54mm_Vertical' does not match copy in library 'Connector_PinHeader_2.54mm'
    Local override; warning
    @(98.3150 mm, 53.4500 mm): Footprint J1
[silk_over_copper]: Silkscreen clipped by solder mask
    Local override; warning
    @(93.9461 mm, 168.5511 mm): Arc of U1 on B.Silkscreen
    @(93.1762 mm, 169.3862 mm): PTH pad 7 [Net-(J1-Pin_1)] of U1
[silk_over_copper]: Silkscreen clipped by solder mask
    Local override; warning
    @(91.9013 mm, 185.5062 mm): Segment of U1 on B.Silkscreen
    @(93.1762 mm, 169.3862 mm): PTH pad 7 [Net-(J1-Pin_1)] of U1
[silk_over_copper]: Silkscreen clipped by solder mask
    Local override; warning
    @(91.9013 mm, 185.5062 mm): Segment of U1 on B.Silkscreen
    @(93.1762 mm, 171.9263 mm): PTH pad 6 [/DIN1] of U1
[silk_over_copper]: Silkscreen clipped by solder mask
    Local override; warning
    @(91.9013 mm, 185.5062 mm): Segment of U1 on B.Silkscreen
    @(93.1762 mm, 174.4663 mm): PTH pad 5 [/Row 5] of U1
[silk_over_copper]: Silkscreen clipped by solder mask
    Local override; warning
    @(91.9013 mm, 185.5062 mm): Segment of U1 on B.Silkscreen
    @(93.1762 mm, 177.0062 mm): PTH pad 4 [/Row 4] of U1
[silk_over_copper]: Silkscreen clipped by solder mask
    Local override; warning
    @(91.9013 mm, 185.5062 mm): Segment of U1 on B.Silkscreen
    @(93.1762 mm, 179.5462 mm): PTH pad 3 [/Row 3] of U1
[silk_over_copper]: Silkscreen clipped by solder mask
    Local override; warning
    @(91.9013 mm, 185.5062 mm): Segment of U1 on B.Silkscreen
    @(93.1762 mm, 182.0863 mm): PTH pad 2 [/Row 2] of U1
[silk_over_copper]: Silkscreen clipped by solder mask
    Local override; warning
    @(91.9013 mm, 185.5062 mm): Segment of U1 on B.Silkscreen
    @(93.1762 mm, 184.6262 mm): PTH pad 1 [/Row 1] of U1
[silk_over_copper]: Silkscreen clipped by solder mask
    Local override; warning
    @(107.6566 mm, 185.4616 mm): Arc of U1 on B.Silkscreen
    @(108.4262 mm, 184.6262 mm): PTH pad 14 [Net-(D18-VDD)] of U1
[silk_over_copper]: Silkscreen clipped by solder mask
    Local override; warning
    @(109.7013 mm, 168.5062 mm): Segment of U1 on B.Silkscreen
    @(108.4262 mm, 184.6262 mm): PTH pad 14 [Net-(D18-VDD)] of U1
[silk_over_copper]: Silkscreen clipped by solder mask
    Local override; warning
    @(109.7013 mm, 168.5062 mm): Segment of U1 on B.Silkscreen
    @(108.4262 mm, 182.0863 mm): PTH pad 13 [GND] of U1
[silk_over_copper]: Silkscreen clipped by solder mask
    Local override; warning
    @(109.7013 mm, 168.5062 mm): Segment of U1 on B.Silkscreen
    @(108.4262 mm, 179.5462 mm): PTH pad 12 [unconnected-(U1-3V3-Pad12)] of U1
[silk_over_copper]: Silkscreen clipped by solder mask
    Local override; warning
    @(109.7013 mm, 168.5062 mm): Segment of U1 on B.Silkscreen
    @(108.4262 mm, 177.0062 mm): PTH pad 11 [/Col 0] of U1
[silk_over_copper]: Silkscreen clipped by solder mask
    Local override; warning
    @(109.7013 mm, 168.5062 mm): Segment of U1 on B.Silkscreen
    @(108.4262 mm, 174.4663 mm): PTH pad 10 [/Col 1] of U1
[silk_over_copper]: Silkscreen clipped by solder mask
    Local override; warning
    @(109.7013 mm, 168.5062 mm): Segment of U1 on B.Silkscreen
    @(108.4262 mm, 171.9263 mm): PTH pad 9 [/Col 2] of U1
[silk_over_copper]: Silkscreen clipped by solder mask
    Local override; warning
    @(109.7013 mm, 168.5062 mm): Segment of U1 on B.Silkscreen
    @(108.4262 mm, 169.3862 mm): PTH pad 8 [/Row 0] of U1
[silk_over_copper]: Silkscreen clipped by solder mask
    Local override; warning
    @(107.7013 mm, 168.5062 mm): Arc of U1 on B.Silkscreen
    @(108.4262 mm, 169.3862 mm): PTH pad 8 [/Row 0] of U1

** Found 0 unconnected pads **

** Found 2 Footprint errors **
[missing_footprint]: Missing footprint D18 (SK6812MINI-E)
    Local override; warning
[missing_footprint]: Missing footprint D19 (SK6812MINI-E)
    Local override; warning

** Ignored checks **
    - Footprint has no courtyard defined
    - Track endpoint not centered on via
    - Tuning profile track geometries
    - Footprint doesn't match symbol's footprint filters
    - Footprint component type doesn't match footprint pads

** End of Report **
